// Jest Snapshot v1, https://goo.gl/fbAQLP

exports[`App Render correctly 1`] = `ShallowWrapper {}`;
